// Vitest Snapshot v1, https://vitest.dev/guide/snapshot.html

exports[`Testing CustomPagination.test > should be defined 1`] = `
<div>
  <div
    class="flex items-center justify-center space-x-2"
  >
    <button
      disabled=""
      variant="outline"
    >
      <svg
        aria-hidden="true"
        class="lucide lucide-chevron-left h-4 w-4"
        fill="none"
        height="24"
        stroke="currentColor"
        stroke-linecap="round"
        stroke-linejoin="round"
        stroke-width="2"
        viewBox="0 0 24 24"
        width="24"
        xmlns="http://www.w3.org/2000/svg"
      >
        <path
          d="m15 18-6-6 6-6"
        />
      </svg>
      Anterior
    </button>
    <button
      data-testid="id-1"
      variant="default"
    >
      1
    </button>
    <button
      data-testid="id-2"
      variant="outline"
    >
      2
    </button>
    <button
      data-testid="id-3"
      variant="outline"
    >
      3
    </button>
    <button
      variant="outline"
    >
      Siguiente
      <svg
        aria-hidden="true"
        class="lucide lucide-chevron-right h-4 w-4"
        fill="none"
        height="24"
        stroke="currentColor"
        stroke-linecap="round"
        stroke-linejoin="round"
        stroke-width="2"
        viewBox="0 0 24 24"
        width="24"
        xmlns="http://www.w3.org/2000/svg"
      >
        <path
          d="m9 18 6-6-6-6"
        />
      </svg>
    </button>
  </div>
</div>
`;

exports[`Testing CustomPagination.test > should be defined with default values 1`] = `
<div>
  <div
    class="flex items-center justify-center space-x-2"
  >
    <button
      disabled=""
      variant="outline"
    >
      <svg
        aria-hidden="true"
        class="lucide lucide-chevron-left h-4 w-4"
        fill="none"
        height="24"
        stroke="currentColor"
        stroke-linecap="round"
        stroke-linejoin="round"
        stroke-width="2"
        viewBox="0 0 24 24"
        width="24"
        xmlns="http://www.w3.org/2000/svg"
      >
        <path
          d="m15 18-6-6 6-6"
        />
      </svg>
      Anterior
    </button>
    <button
      data-testid="id-1"
      variant="default"
    >
      1
    </button>
    <button
      data-testid="id-2"
      variant="outline"
    >
      2
    </button>
    <button
      data-testid="id-3"
      variant="outline"
    >
      3
    </button>
    <button
      variant="outline"
    >
      Siguiente
      <svg
        aria-hidden="true"
        class="lucide lucide-chevron-right h-4 w-4"
        fill="none"
        height="24"
        stroke="currentColor"
        stroke-linecap="round"
        stroke-linejoin="round"
        stroke-width="2"
        viewBox="0 0 24 24"
        width="24"
        xmlns="http://www.w3.org/2000/svg"
      >
        <path
          d="m9 18 6-6-6-6"
        />
      </svg>
    </button>
  </div>
</div>
`;
